EN half_adder NULL C:/Users/Utkarsh/Documents/ISE/structual_code/half_adder.vhd sub00/vhpl00 1551524886
AR full_adder behavioral C:/Users/Utkarsh/Documents/ISE/structual_code/full_adder.vhd sub00/vhpl03 1551524889
EN binadder4 NULL C:/Users/Utkarsh/Documents/ISE/structual_code/binadder4.vhd sub00/vhpl04 1551524890
EN full_adder NULL C:/Users/Utkarsh/Documents/ISE/structual_code/full_adder.vhd sub00/vhpl02 1551524888
AR half_adder behavioral C:/Users/Utkarsh/Documents/ISE/structual_code/half_adder.vhd sub00/vhpl01 1551524887
