V3 11
FL C:/Users/Utkarsh/Documents/ISE/structual_code/binadder4.vhd 2019/03/01.11:17:08 P.20131013
EN work/binadder4 0 \
      FL C:/Users/Utkarsh/Documents/ISE/structual_code/binadder4.vhd \
      PB ieee/std_logic_1164 1381692176
AR work/binadder4/Behavioral 0 \
      FL C:/Users/Utkarsh/Documents/ISE/structual_code/binadder4.vhd \
      EN work/binadder4 0 CP full_adder
FL C:/Users/Utkarsh/Documents/ISE/structual_code/full_adder.vhd 2019/03/01.11:16:51 P.20131013
EN work/full_adder 1551524888 \
      FL C:/Users/Utkarsh/Documents/ISE/structual_code/full_adder.vhd \
      PB ieee/std_logic_1164 1381692176
AR work/full_adder/Behavioral 1551524889 \
      FL C:/Users/Utkarsh/Documents/ISE/structual_code/full_adder.vhd \
      EN work/full_adder 1551524888 CP half_adder
FL C:/Users/Utkarsh/Documents/ISE/structual_code/half_adder.vhd 2019/02/22.11:26:23 P.20131013
EN work/half_adder 1551524886 \
      FL C:/Users/Utkarsh/Documents/ISE/structual_code/half_adder.vhd \
      PB ieee/std_logic_1164 1381692176
AR work/half_adder/Behavioral 1551524887 \
      FL C:/Users/Utkarsh/Documents/ISE/structual_code/half_adder.vhd \
      EN work/half_adder 1551524886
