EN sipo1 NULL C:/Users/Utkarsh/Documents/ISE/sipo/sipo1.vhd sub00/vhpl02 1552630855
EN dff NULL C:/Users/Utkarsh/Documents/ISE/sipo/dff.vhd sub00/vhpl00 1552630853
AR dff behavioral C:/Users/Utkarsh/Documents/ISE/sipo/dff.vhd sub00/vhpl01 1552630854
AR sipo1 behavioral C:/Users/Utkarsh/Documents/ISE/sipo/sipo1.vhd sub00/vhpl03 1552630856
