V3 19
FL C:/Users/Utkarsh/Documents/ISE/generate/binadder_4bit.vhd 2019/03/28.20:42:46 P.20131013
EN work/binadder_4bit 1553790158 \
      FL C:/Users/Utkarsh/Documents/ISE/generate/binadder_4bit.vhd \
      PB ieee/std_logic_1164 1381692176
AR work/binadder_4bit/Behavioral 1553790159 \
      FL C:/Users/Utkarsh/Documents/ISE/generate/binadder_4bit.vhd \
      EN work/binadder_4bit 1553790158 CP full_adder
FL C:/Users/Utkarsh/Documents/ISE/generate/dff.vhd 2019/03/28.21:59:09 P.20131013
EN work/dff 1553791434 FL C:/Users/Utkarsh/Documents/ISE/generate/dff.vhd \
      PB ieee/std_logic_1164 1381692176
AR work/dff/Behavioral 1553791435 \
      FL C:/Users/Utkarsh/Documents/ISE/generate/dff.vhd EN work/dff 1553791434
FL C:/Users/Utkarsh/Documents/ISE/generate/full_adder.vhd 2019/03/28.17:41:17 P.20131013
EN work/full_adder 1553790237 \
      FL C:/Users/Utkarsh/Documents/ISE/generate/full_adder.vhd \
      PB ieee/std_logic_1164 1381692176
AR work/full_adder/Behavioral 1553790238 \
      FL C:/Users/Utkarsh/Documents/ISE/generate/full_adder.vhd \
      EN work/full_adder 1553790237 AR work/half_adder/Behavioral 1553790235 \
      AR work/half_adder/conc 1553790236 CP half_adder
FL C:/Users/Utkarsh/Documents/ISE/generate/half_adder.vhd 2019/03/28.21:52:27 P.20131013
EN work/half_adder 1553790234 \
      FL C:/Users/Utkarsh/Documents/ISE/generate/half_adder.vhd \
      PB ieee/std_logic_1164 1381692176
AR work/half_adder/Behavioral 1553790235 \
      FL C:/Users/Utkarsh/Documents/ISE/generate/half_adder.vhd \
      EN work/half_adder 1553790234
AR work/half_adder/conc 1553790236 \
      FL C:/Users/Utkarsh/Documents/ISE/generate/half_adder.vhd \
      EN work/half_adder 1553790234
FL C:/Users/Utkarsh/Documents/ISE/generate/using_if_generate.vhd 2019/03/22.11:37:18 P.20131013
EN work/using_if_generate 1553791436 \
      FL C:/Users/Utkarsh/Documents/ISE/generate/using_if_generate.vhd \
      PB ieee/std_logic_1164 1381692176
AR work/using_if_generate/Behavioral 1553791437 \
      FL C:/Users/Utkarsh/Documents/ISE/generate/using_if_generate.vhd \
      EN work/using_if_generate 1553791436 CP dff
