V3 7
FL C:/Users/Utkarsh/Documents/ISE/parity_5_bit/parity_5_bit_gen.vhd 2019/03/08.11:40:28 P.20131013
EN work/parity_5_bit_gen 1552063633 \
      FL C:/Users/Utkarsh/Documents/ISE/parity_5_bit/parity_5_bit_gen.vhd \
      PB ieee/std_logic_1164 1381692176
AR work/parity_5_bit_gen/Behavioral 1552063634 \
      FL C:/Users/Utkarsh/Documents/ISE/parity_5_bit/parity_5_bit_gen.vhd \
      EN work/parity_5_bit_gen 1552063633 CP xor1
FL C:/Users/Utkarsh/Documents/ISE/parity_5_bit/xor1.vhd 2019/03/08.11:27:23 P.20131013
EN work/xor1 1552063631 FL C:/Users/Utkarsh/Documents/ISE/parity_5_bit/xor1.vhd \
      PB ieee/std_logic_1164 1381692176
AR work/xor1/Behavioral 1552063632 \
      FL C:/Users/Utkarsh/Documents/ISE/parity_5_bit/xor1.vhd EN work/xor1 1552063631
