V3 7
FL C:/Users/Utkarsh/Documents/ISE/sipo/dff.vhd 2019/03/15.11:38:41 P.20131013
EN work/dff 1552630853 FL C:/Users/Utkarsh/Documents/ISE/sipo/dff.vhd \
      PB ieee/std_logic_1164 1381692176
AR work/dff/Behavioral 1552630854 \
      FL C:/Users/Utkarsh/Documents/ISE/sipo/dff.vhd EN work/dff 1552630853
FL C:/Users/Utkarsh/Documents/ISE/sipo/sipo1.vhd 2019/03/15.11:46:49 P.20131013
EN work/sipo1 1552630855 FL C:/Users/Utkarsh/Documents/ISE/sipo/sipo1.vhd \
      PB ieee/std_logic_1164 1381692176
AR work/sipo1/Behavioral 1552630856 \
      FL C:/Users/Utkarsh/Documents/ISE/sipo/sipo1.vhd EN work/sipo1 1552630855 \
      CP dff
