V3 3
FL C:/Users/Utkarsh/Documents/ISE/diffft_8point/fft_pkg_dif.vhd 2019/03/29.17:12:54 P.20131013
PH work/fft_pkg_dif 1553859799 \
      FL C:/Users/Utkarsh/Documents/ISE/diffft_8point/fft_pkg_dif.vhd \
      PB ieee/std_logic_1164 1381692176 PB ieee/MATH_REAL 1381692182
PB work/fft_pkg_dif 1553859800 \
      FL C:/Users/Utkarsh/Documents/ISE/diffft_8point/fft_pkg_dif.vhd \
      PH work/fft_pkg_dif 1553859799
