EN dff NULL C:/Users/Utkarsh/Documents/ISE/generate/dff.vhd sub00/vhpl07 1553791434
AR dff behavioral C:/Users/Utkarsh/Documents/ISE/generate/dff.vhd sub00/vhpl08 1553791435
EN using_if_generate NULL C:/Users/Utkarsh/Documents/ISE/generate/using_if_generate.vhd sub00/vhpl09 1553791436
EN half_adder NULL C:/Users/Utkarsh/Documents/ISE/generate/half_adder.vhd sub00/vhpl00 1553790234
AR using_if_generate behavioral C:/Users/Utkarsh/Documents/ISE/generate/using_if_generate.vhd sub00/vhpl10 1553791437
AR binadder_4bit behavioral C:/Users/Utkarsh/Documents/ISE/generate/binadder_4bit.vhd sub00/vhpl06 1553790159
AR full_adder behavioral C:/Users/Utkarsh/Documents/ISE/generate/full_adder.vhd sub00/vhpl04 1553790238
EN full_adder NULL C:/Users/Utkarsh/Documents/ISE/generate/full_adder.vhd sub00/vhpl03 1553790237
AR half_adder behavioral C:/Users/Utkarsh/Documents/ISE/generate/half_adder.vhd sub00/vhpl01 1553790235
EN binadder_4bit NULL C:/Users/Utkarsh/Documents/ISE/generate/binadder_4bit.vhd sub00/vhpl05 1553790158
AR half_adder conc C:/Users/Utkarsh/Documents/ISE/generate/half_adder.vhd sub00/vhpl02 1553790236
